# Map file for the include-what-you-use tool on OS X. For some reason
# the version installed by HomeBrew doesn't have useful mappings for the
# system provided headers. This also has mappings for FreeBSD.
[
    { include: ["<sys/_pthread/_pthread_once_t.h>", "public", "<pthread.h>", "public"] },
    { include: ["<sys/_pthread/_pthread_mutex_t.h>", "public", "<pthread.h>", "public"] },
    { include: ["<sys/_pthread/_pthread_rwlock_t.h>", "public", "<pthread.h>", "public"] },
    { include: ["<sys/_pthread/_pthread_mutexattr_t.h>", "public", "<pthread.h>", "public"] },
    { include: ["<sys/_pthread/_pthread_cond_t.h>", "public", "<pthread.h>", "public"] },
    { include: ["<sys/_pthread/_pthread_t.h>", "public", "<pthread.h>", "public"] },
    { include: ["<sys/_pthread/_pthread_key_t.h>", "public", "<pthread.h>", "public"] },
    { include: ["<sys/_pthreadtypes.h>", "public", "<pthread.h>", "public"] },
    { include: ["<sys/_types/_posix_vdisable.h>", "public", "<pthread.h>", "public"] },
    { include: ["<sys/_types/_time_t.h>", "public", "<time.h>", "public"] },
    { include: ["<sys/_types/_suseconds_t.h>", "public", "<time.h>", "public"] },
    { include: ["<sys/_types/_suseconds_t.h>", "public", "<sys/types.h>", "public"] },
    { include: ["<sys/errno.h>", "public", "<errno.h>", "public"] },
    { include: ["<sys/unistd.h>", "public", "<unistd.h>", "public"] },
    { include: ["<_wctype.h>", "public", "<wctype.h>", "public"] },
    { include: ["<sys/fcntl.h>", "public", "<fcntl.h>", "public"] },
    { include: ["<sys/_types/_seek_set.h>", "public", "<fcntl.h>", "public"] },
    { include: ["<sys/_types/_mbstate_t.h>", "public", "<wchar.h>", "public"] },
    { include: ["<iosfwd>", "public", "<string>", "public"] },
    { include: ["<sys/_stdint.h>", "public", "<stdint.h>", "public"] },
    { include: ["<sys/_types/_timeval.h>", "public", "<sys/time.h>", "public"] },
    { include: ["<sys/_types/_s_ifmt.h>", "public", "<sys/types.h>", "public"] },
    { include: ["<sys/_types/_size_t.h>", "public", "<sys/types.h>", "public"] },
    { include: ["<sys/_types/_size_t.h>", "public", "<stdlib.h>", "public"] },
    { include: ["<sys/_types/_mode_t.h>", "public", "<sys/types.h>", "public"] },
    { include: ["<sys/_types/_pid_t.h>", "public", "<sys/types.h>", "public"] },
    { include: ["<sys/_types/_fd_def.h>", "public", "<sys/types.h>", "public"] },
    { include: ["<sys/_types/_fd_isset.h>", "public", "<sys/types.h>", "public"] },
    { include: ["<sys/_types/_fd_set.h>", "public", "<sys/types.h>", "public"] },
    { include: ["<sys/_types/_fd_zero.h>", "public", "<sys/types.h>", "public"] },
    { include: ["<sys/_types/_uid_t.h>", "public", "<sys/types.h>", "public"] },
    { include: ["<_types/_intmax_t.h>", "public", "<sys/types.h>", "public"] },
    { include: ["<_types/_uintmax_t.h>", "public", "<sys/types.h>", "public"] },
    { include: ["<_types/_uint8_t.h>", "public", "<sys/types.h>", "public"] },
    { include: ["<sys/_types/_int32_t.h>", "public", "<sys/types.h>", "public"] },
    { include: ["<_types/_uint64_t.h>", "public", "<sys/types.h>", "public"] },
    { include: ["<sys/_types/_uintptr_t.h>", "public", "<sys/types.h>", "public"] },
    { include: ["<sys/_types/_dev_t.h>", "public", "<sys/types.h>", "public"] },
    { include: ["<sys/_types/_ino_t.h>", "public", "<sys/types.h>", "public"] },
    { include: ["<sys/_types/_va_list.h>", "public", "<stdio.h>", "public"] },
    { include: ["<__functional_base>", "public", "<memory>", "public"] },
    { include: ["<__functional_base>", "public", "<vector>", "public"] },
    { include: ["<__functional_base>", "public", "<string>", "public"] },
    { include: ["<__tree>", "public", "<map>", "public"] },
    { include: ["<__tree>", "public", "<set>", "public"] },
    { include: ["<_types/_uint32_t.h>", "public", "<sys/types.h>", "public"] },
    { include: ["<sys/_types/_va_list.h>", "public", "<sys/types.h>", "public"] },
    { include: ["<sys/_types/_sigset_t.h>", "public", "<signal.h>", "public"] },
    { include: ["<sys/signal.h>", "public", "<signal.h>", "public"] },
    { include: ["<strings.h>", "public", "<string.h>", "public"] },
    { include: ["<sys/termios.h>", "public", "<termios.h>", "public"] },
    { include: ["<sys/_termios.h>", "public", "<termios.h>", "public"] },
    { include: ["<sys/ttycom.h>", "public", "<termios.h>", "public"] },
    { include: ["<sys/syslimits.h>", "public", "<limits.h>", "public"] },
    { include: ["<i386/limits.h>", "public", "<limits.h>", "public"] },
    { include: ["<sys/limits.h>", "public", "<limits.h>", "public"] },
    { include: ["<sys/_types/_wint_t.h>", "public", "<stddef.h>", "public"] },
    { include: ["<sys/_select.h>", "public", "<select.h>", "public"] },
    { include: ["<sys/cdefs.h>", "public", "<unistd.h>", "public"] },
    { include: ["<istream>", "public", "<iostream>", "public"] },
    { include: ["<sys/_endian.h>", "public", "<netinet/in.h>", "public"] },
    { include: ["<sys/_types/_timespec.h>", "public", "<time.h>", "public"] },
    { include: ["<sys/_timespec.h>", "public", "<time.h>", "public"] },
    { include: ["<sys/spawn.h>", "public", "<spawn.h>", "public"] },
    { include: ["<sys/dirent.h>", "public", "<dirent.h>", "public"] },
    { include: ["<__mutex_base>", "public", "<mutex>", "public"] },
    { include: ["<__hash_table>", "public", "<unordered_map>", "public"] },
    { include: ["<__hash_table>", "public", "<unordered_set>", "public"] },
#   { include: ["<>", "private", "<>", "public"] },

    { symbol: ["size_t", "private", "<cstddef>", "public"] },
    { symbol: ["mutex", "private", "<mutex>", "public"] },
    { symbol: ["sig_atomic_t", "private", "<csignal>", "public"] },
    { symbol: ["va_end", "private", "<stdarg.h>", "public"] },
    { symbol: ["va_list", "private", "<stdarg.h>", "public"] },
    { symbol: ["va_start", "private", "<stdarg.h>", "public"] },
    { symbol: ["NULL", "private", "<stddef.h>", "public"] },
    { symbol: ["NULL", "private", "<stdlib.h>", "public"] },
    { symbol: ["NULL", "private", "<stdio.h>", "public"] },
    { symbol: ["NULL", "private", "<unistd.h>", "public"] },
    { symbol: ["off_t", "private", "<unistd.h>", "public"] },
    { symbol: ["size_t", "private", "<stddef.h>", "public"] },
    { symbol: ["ssize_t", "private", "<stddef.h>", "public"] },
    { symbol: ["intptr_t", "private", "<unistd.h>", "public"] },
    { symbol: ["gid_t", "private", "<unistd.h>", "public"] },
    { symbol: ["uid_t", "private", "<unistd.h>", "public"] },
    { symbol: ["pid_t", "private", "<unistd.h>", "public"] },
    { symbol: ["pid_t", "private", "<sys/types.h>", "public"] },
    { symbol: ["uid_t", "private", "<sys/types.h>", "public"] },
    { symbol: ["gid_t", "private", "<sys/types.h>", "public"] },
    { symbol: ["size_t", "private", "<sys/types.h>", "public"] },
    { symbol: ["ssize_t", "private", "<sys/types.h>", "public"] },
    { symbol: ["int8_t", "private", "<sys/types.h>", "public"] },
    { symbol: ["uint8_t", "private", "<sys/types.h>", "public"] },
    { symbol: ["int16_t", "private", "<sys/types.h>", "public"] },
    { symbol: ["uint16_t", "private", "<sys/types.h>", "public"] },
    { symbol: ["int32_t", "private", "<sys/types.h>", "public"] },
    { symbol: ["int64_t", "private", "<sys/types.h>", "public"] },
    { symbol: ["uint64_t", "private", "<sys/types.h>", "public"] },
    { symbol: ["intmax_t", "private", "<sys/types.h>", "public"] },
    { symbol: ["uintmax_t", "private", "<sys/types.h>", "public"] },
    { symbol: ["int16_t", "private", "<stdint.h>", "public"] },
    { symbol: ["uint16_t", "private", "<stdint.h>", "public"] },
    { symbol: ["int32_t", "private", "<stdint.h>", "public"] },
    { symbol: ["int64_t", "private", "<stdint.h>", "public"] },
    { symbol: ["uint64_t", "private", "<stdint.h>", "public"] },
    { symbol: ["off_t", "private", "<sys/types.h>", "public"] },
    { symbol: ["timeval", "private", "<sys/time.h>", "public"] },
    { symbol: ["__uint32_t", "private", "<stdint.h>", "public"] },
    { symbol: ["uint32_t", "private", "<stdint.h>", "public"] },
    { symbol: ["intptr_t", "private", "<stdint.h>", "public"] },
    { symbol: ["intmax_t", "private", "<stdint.h>", "public"] },
    { symbol: ["uintmax_t", "private", "<stdint.h>", "public"] },
    { symbol: ["tparm", "private", "<ncurses.h>", "public"] },
    { symbol: ["tigetflag", "private", "<ncurses.h>", "public"] },
    { symbol: ["ERR", "private", "<ncurses.h>", "public"] },
    { symbol: ["OK", "private", "<ncurses.h>", "public"] },
    { symbol: ["select", "private", "<sys/select.h>", "public"] },
    { symbol: ["_LIBCPP_VERSION", "private", "<stddef.h>", "public"] },
    { symbol: ["_LIBCPP_VERSION", "private", "<unistd.h>", "public"] },
    { symbol: ["MB_CUR_MAX", "private", "<xlocale.h>", "public"] },
    { symbol: ["MB_CUR_MAX", "private", "<stdlib.h>", "public"] },
    { symbol: ["S_IRUSR", "private", "<sys/stat.h>", "public"] },
    { symbol: ["S_IWUSR", "private", "<sys/stat.h>", "public"] },
    { symbol: ["S_IXUSR", "private", "<sys/stat.h>", "public"] },
    { symbol: ["S_IXGRP", "private", "<sys/stat.h>", "public"] },
    { symbol: ["S_IXOTH", "private", "<sys/stat.h>", "public"] },
    { symbol: ["S_ISVTX", "private", "<sys/stat.h>", "public"] },
    { symbol: ["S_ISGID", "private", "<sys/stat.h>", "public"] },
    { symbol: ["S_ISUID", "private", "<sys/stat.h>", "public"] },
    { symbol: ["S_IFMT", "private", "<sys/stat.h>", "public"] },
    { symbol: ["S_IRGRP", "private", "<sys/stat.h>", "public"] },
    { symbol: ["S_IWGRP", "private", "<sys/stat.h>", "public"] },
    { symbol: ["S_IROTH", "private", "<sys/stat.h>", "public"] },
    { symbol: ["S_IWOTH", "private", "<sys/stat.h>", "public"] },
    { symbol: ["SIGTSTP", "private", "<signal.h>", "public"] },
    { symbol: ["SIGALRM", "private", "<signal.h>", "public"] },
    { symbol: ["timespec", "private", "<time.h>", "public"] },
    { symbol: ["time_t", "private", "<time.h>", "public"] },
    { symbol: ["errno", "private", "<errno.h>", "public"] },
    { symbol: ["AT_FDCWD", "private", "<fcntl.h>", "public"] },
    { symbol: ["F_DUPFD_CLOEXEC", "private", "<fcntl.h>", "public"] },
    { symbol: ["O_CLOEXEC", "private", "<fcntl.h>", "public"] },
    { symbol: ["PATH_MAX", "private", "<limits.h>", "public"] },
    { symbol: ["SEEK_SET", "private", "<stdio.h>", "public"] },
    { symbol: ["SEEK_CUR", "private", "<stdio.h>", "public"] },
    { symbol: ["SEEK_END", "private", "<stdio.h>", "public"] },
    { symbol: ["SEEK_SET", "private", "\"sfio.h\"", "public"] },
    { symbol: ["SEEK_CUR", "private", "\"sfio.h\"", "public"] },
    { symbol: ["SEEK_END", "private", "\"sfio.h\"", "public"] },
    { symbol: ["wchar_t", "private", "<wchar.h>", "public"] },
    { symbol: ["wctrans_t", "private", "<wchar.h>", "public"] },
    { symbol: ["lconv", "private", "<locale.h>", "public"] },
    { symbol: ["localeconv", "private", "<locale.h>", "public"] },
    { symbol: ["_POSIX_VDISABLE", "private", "<unistd.h>", "public"] },
    { symbol: ["clock_t", "private", "<sys/times.h>", "public"] },
    { symbol: ["PIPE_BUF", "private", "<limits.h>", "public"] },
]
