# Map file for the include-what-you-use tool on OS X. For some reason
# the version installed by HomeBrew doesn't have useful mappings for the
# system provided headers. This also has mappings for FreeBSD.
[
    { include: ["<sys/_pthread/_pthread_once_t.h>", "public", "<pthread.h>", "public"] },
    { include: ["<sys/_pthread/_pthread_mutex_t.h>", "public", "<pthread.h>", "public"] },
    { include: ["<sys/_pthread/_pthread_rwlock_t.h>", "public", "<pthread.h>", "public"] },
    { include: ["<sys/_pthread/_pthread_mutexattr_t.h>", "public", "<pthread.h>", "public"] },
    { include: ["<sys/_pthread/_pthread_cond_t.h>", "public", "<pthread.h>", "public"] },
    { include: ["<sys/_pthread/_pthread_t.h>", "public", "<pthread.h>", "public"] },
    { include: ["<sys/_pthread/_pthread_key_t.h>", "public", "<pthread.h>", "public"] },
    { include: ["<sys/_pthreadtypes.h>", "public", "<pthread.h>", "public"] },
    { include: ["<sys/_types/_posix_vdisable.h>", "public", "<pthread.h>", "public"] },
    { include: ["<sys/_types/_time_t.h>", "public", "<time.h>", "public"] },
    { include: ["<sys/_types/_suseconds_t.h>", "public", "<time.h>", "public"] },
    { include: ["<sys/_types/_suseconds_t.h>", "public", "<sys/types.h>", "public"] },
    { include: ["<sys/errno.h>", "public", "<errno.h>", "public"] },
    { include: ["<sys/unistd.h>", "public", "<unistd.h>", "public"] },
    { include: ["<_wctype.h>", "public", "<wctype.h>", "public"] },
    { include: ["<sys/fcntl.h>", "public", "<fcntl.h>", "public"] },
    { include: ["<sys/_types/_seek_set.h>", "public", "<fcntl.h>", "public"] },
    { include: ["<sys/_types/_mbstate_t.h>", "public", "<wchar.h>", "public"] },
    { include: ["<iosfwd>", "public", "<string>", "public"] },
    { include: ["<sys/_stdint.h>", "public", "<stdint.h>", "public"] },
    { include: ["<sys/_types/_timeval.h>", "public", "<sys/time.h>", "public"] },
    { include: ["<sys/_types/_s_ifmt.h>", "public", "<sys/types.h>", "public"] },
    { include: ["<sys/_types/_size_t.h>", "public", "<sys/types.h>", "public"] },
    { include: ["<sys/_types/_size_t.h>", "public", "<stdlib.h>", "public"] },
    { include: ["<sys/_types/_mode_t.h>", "public", "<sys/types.h>", "public"] },
    { include: ["<sys/_types/_pid_t.h>", "public", "<sys/types.h>", "public"] },
    { include: ["<sys/_types/_fd_def.h>", "public", "<sys/types.h>", "public"] },
    { include: ["<sys/_types/_fd_isset.h>", "public", "<sys/types.h>", "public"] },
    { include: ["<sys/_types/_fd_set.h>", "public", "<sys/types.h>", "public"] },
    { include: ["<sys/_types/_fd_zero.h>", "public", "<sys/types.h>", "public"] },
    { include: ["<sys/_types/_uid_t.h>", "public", "<sys/types.h>", "public"] },
    { include: ["<_types/_intmax_t.h>", "public", "<sys/types.h>", "public"] },
    { include: ["<_types/_uintmax_t.h>", "public", "<sys/types.h>", "public"] },
    { include: ["<_types/_uint8_t.h>", "public", "<sys/types.h>", "public"] },
    { include: ["<sys/_types/_int32_t.h>", "public", "<sys/types.h>", "public"] },
    { include: ["<_types/_uint64_t.h>", "public", "<sys/types.h>", "public"] },
    { include: ["<sys/_types/_uintptr_t.h>", "public", "<sys/types.h>", "public"] },
    { include: ["<sys/_types/_dev_t.h>", "public", "<sys/types.h>", "public"] },
    { include: ["<sys/_types/_ino_t.h>", "public", "<sys/types.h>", "public"] },
    { include: ["<sys/_types/_va_list.h>", "public", "<stdio.h>", "public"] },
    { include: ["<__functional_base>", "public", "<memory>", "public"] },
    { include: ["<__functional_base>", "public", "<vector>", "public"] },
    { include: ["<__functional_base>", "public", "<string>", "public"] },
    { include: ["<__tree>", "public", "<map>", "public"] },
    { include: ["<__tree>", "public", "<set>", "public"] },
    { include: ["<_types/_uint32_t.h>", "public", "<sys/types.h>", "public"] },
    { include: ["<sys/_types/_va_list.h>", "public", "<sys/types.h>", "public"] },
    { include: ["<sys/_types/_sigset_t.h>", "public", "<signal.h>", "public"] },
    { include: ["<sys/signal.h>", "public", "<signal.h>", "public"] },
    { include: ["<strings.h>", "public", "<string.h>", "public"] },
    { include: ["<sys/termios.h>", "public", "<termios.h>", "public"] },
    { include: ["<sys/_termios.h>", "public", "<termios.h>", "public"] },
    { include: ["<sys/ttycom.h>", "public", "<termios.h>", "public"] },
    { include: ["<sys/syslimits.h>", "public", "<limits.h>", "public"] },
    { include: ["<i386/limits.h>", "public", "<limits.h>", "public"] },
    { include: ["<sys/limits.h>", "public", "<limits.h>", "public"] },
    { include: ["<sys/_types/_wint_t.h>", "public", "<stddef.h>", "public"] },
    { include: ["<sys/_select.h>", "public", "<select.h>", "public"] },
    { include: ["<sys/cdefs.h>", "public", "<unistd.h>", "public"] },
    { include: ["<istream>", "public", "<iostream>", "public"] },
    { include: ["<sys/_endian.h>", "public", "<netinet/in.h>", "public"] },
    { include: ["<sys/_types/_timespec.h>", "public", "<time.h>", "public"] },
    { include: ["<sys/_timespec.h>", "public", "<time.h>", "public"] },
    { include: ["<sys/spawn.h>", "public", "<spawn.h>", "public"] },
    { include: ["<sys/dirent.h>", "public", "<dirent.h>", "public"] },
    { include: ["<__mutex_base>", "public", "<mutex>", "public"] },
    { include: ["<__hash_table>", "public", "<unordered_map>", "public"] },
    { include: ["<__hash_table>", "public", "<unordered_set>", "public"] },
#   { include: ["<>", "private", "<>", "public"] },

    { symbol: ["mutex", "private", "<mutex>", "public"] },
    { symbol: ["sig_atomic_t", "private", "<csignal>", "public"] },
    { symbol: ["va_end", "private", "<stdarg.h>", "public"] },
    { symbol: ["va_list", "private", "<stdarg.h>", "public"] },
    { symbol: ["va_start", "private", "<stdarg.h>", "public"] },
    { symbol: ["NULL", "private", "<stddef.h>", "public"] },
    { symbol: ["NULL", "private", "<stdlib.h>", "public"] },
    { symbol: ["NULL", "private", "<stdio.h>", "public"] },
    { symbol: ["NULL", "private", "<unistd.h>", "public"] },
    { symbol: ["off_t", "private", "<unistd.h>", "public"] },
    { symbol: ["size_t", "private", "<stddef.h>", "public"] },
    { symbol: ["ssize_t", "private", "<stddef.h>", "public"] },
    { symbol: ["intptr_t", "private", "<unistd.h>", "public"] },
    { symbol: ["gid_t", "private", "<unistd.h>", "public"] },
    { symbol: ["uid_t", "private", "<unistd.h>", "public"] },
    { symbol: ["pid_t", "private", "<unistd.h>", "public"] },
    { symbol: ["pid_t", "private", "<sys/types.h>", "public"] },
    { symbol: ["uid_t", "private", "<sys/types.h>", "public"] },
    { symbol: ["gid_t", "private", "<sys/types.h>", "public"] },
    { symbol: ["size_t", "private", "<sys/types.h>", "public"] },
    { symbol: ["ssize_t", "private", "<sys/types.h>", "public"] },
    { symbol: ["int8_t", "private", "<sys/types.h>", "public"] },
    { symbol: ["uint8_t", "private", "<sys/types.h>", "public"] },
    { symbol: ["int16_t", "private", "<sys/types.h>", "public"] },
    { symbol: ["uint16_t", "private", "<sys/types.h>", "public"] },
    { symbol: ["int32_t", "private", "<sys/types.h>", "public"] },
    { symbol: ["int64_t", "private", "<sys/types.h>", "public"] },
    { symbol: ["uint64_t", "private", "<sys/types.h>", "public"] },
#   { symbol: ["intmax_t", "private", "<sys/types.h>", "public"] },
#   { symbol: ["uintmax_t", "private", "<sys/types.h>", "public"] },
    { symbol: ["off_t", "private", "<sys/types.h>", "public"] },
    { symbol: ["__darwin_ino64_t", "private", "<sys/types.h>", "public"] },
    { symbol: ["int16_t", "private", "<stdint.h>", "public"] },
    { symbol: ["uint16_t", "private", "<stdint.h>", "public"] },
    { symbol: ["int32_t", "private", "<stdint.h>", "public"] },
    { symbol: ["int64_t", "private", "<stdint.h>", "public"] },
    { symbol: ["uint64_t", "private", "<stdint.h>", "public"] },
    { symbol: ["timeval", "private", "<sys/time.h>", "public"] },
    { symbol: ["__uint32_t", "private", "<stdint.h>", "public"] },
    { symbol: ["uint32_t", "private", "<stdint.h>", "public"] },
    { symbol: ["intptr_t", "private", "<stdint.h>", "public"] },
    { symbol: ["intmax_t", "private", "<stdint.h>", "public"] },
    { symbol: ["uintmax_t", "private", "<stdint.h>", "public"] },
    { symbol: ["tparm", "private", "<ncurses.h>", "public"] },
    { symbol: ["tigetflag", "private", "<ncurses.h>", "public"] },
    { symbol: ["ERR", "private", "<ncurses.h>", "public"] },
    { symbol: ["OK", "private", "<ncurses.h>", "public"] },
    { symbol: ["select", "private", "<sys/select.h>", "public"] },
    { symbol: ["_LIBCPP_VERSION", "private", "<stddef.h>", "public"] },
    { symbol: ["_LIBCPP_VERSION", "private", "<unistd.h>", "public"] },
    { symbol: ["MB_CUR_MAX", "private", "<xlocale.h>", "public"] },
    { symbol: ["MB_CUR_MAX", "private", "<stdlib.h>", "public"] },
    { symbol: ["S_IRUSR", "private", "<sys/stat.h>", "public"] },
    { symbol: ["S_IWUSR", "private", "<sys/stat.h>", "public"] },
    { symbol: ["S_IXUSR", "private", "<sys/stat.h>", "public"] },
    { symbol: ["S_IXGRP", "private", "<sys/stat.h>", "public"] },
    { symbol: ["S_IXOTH", "private", "<sys/stat.h>", "public"] },
    { symbol: ["S_ISVTX", "private", "<sys/stat.h>", "public"] },
    { symbol: ["S_ISGID", "private", "<sys/stat.h>", "public"] },
    { symbol: ["S_ISUID", "private", "<sys/stat.h>", "public"] },
    { symbol: ["S_IFMT", "private", "<sys/stat.h>", "public"] },
    { symbol: ["S_IRGRP", "private", "<sys/stat.h>", "public"] },
    { symbol: ["S_IWGRP", "private", "<sys/stat.h>", "public"] },
    { symbol: ["S_IROTH", "private", "<sys/stat.h>", "public"] },
    { symbol: ["S_IWOTH", "private", "<sys/stat.h>", "public"] },
    { symbol: ["S_IRWXG", "private", "<sys/stat.h>", "public"] },
    { symbol: ["S_IRWXO", "private", "<sys/stat.h>", "public"] },
    { symbol: ["S_IRWXU", "private", "<sys/stat.h>", "public"] },
    { symbol: ["SIGTSTP", "private", "<signal.h>", "public"] },
    { symbol: ["SIGALRM", "private", "<signal.h>", "public"] },
    { symbol: ["timespec", "private", "<time.h>", "public"] },
    { symbol: ["time_t", "private", "<time.h>", "public"] },
    { symbol: ["errno", "private", "<errno.h>", "public"] },
    { symbol: ["EILSEQ", "private", "<errno.h>", "public"] },
    { symbol: ["AT_FDCWD", "private", "<fcntl.h>", "public"] },
    { symbol: ["F_DUPFD_CLOEXEC", "private", "<fcntl.h>", "public"] },
    { symbol: ["O_CLOEXEC", "private", "<fcntl.h>", "public"] },
    { symbol: ["ARG_MAX", "private", "<limits.h>", "public"] },
    { symbol: ["PATH_MAX", "private", "<limits.h>", "public"] },
    { symbol: ["PIPE_BUF", "private", "<limits.h>", "public"] },
    { symbol: ["MB_LEN_MAX", "private", "<limits.h>", "public"] },
    { symbol: ["SEEK_SET", "private", "<stdio.h>", "public"] },
    { symbol: ["SEEK_CUR", "private", "<stdio.h>", "public"] },
    { symbol: ["SEEK_END", "private", "<stdio.h>", "public"] },
    { symbol: ["wchar_t", "private", "<wchar.h>", "public"] },
    { symbol: ["wctrans_t", "private", "<wchar.h>", "public"] },
    { symbol: ["lconv", "private", "<locale.h>", "public"] },
    { symbol: ["localeconv", "private", "<locale.h>", "public"] },
    { symbol: ["_POSIX_VDISABLE", "private", "<unistd.h>", "public"] },
    { symbol: ["clock_t", "private", "<sys/times.h>", "public"] },
    { symbol: ["TIOCSCTTY", "private", "<sys/ioctl.h>", "public"] },
    { symbol: ["TIOCGWINSZ", "private", "<sys/ioctl.h>", "public"] },
    { symbol: ["winsize", "private", "<sys/ioctl.h>", "public"] },
    # All of the sfio.h and sfhdr.h symbol mappings should be removed at some
    # time. They are needed for the moment because in most of the sfio code
    # base you can't actually directly include sfio.h. You have to include
    # sfhdr.h and sfdisc.h in that specific order.
    { symbol: ["SEEK_SET", "private", "\"sfio.h\"", "public"] },
    { symbol: ["SFFMT_ALTER", "private", "\"sfio.h\"", "public"] },
    { symbol: ["SFFMT_ARGPOS", "private", "\"sfio.h\"", "public"] },
    { symbol: ["SFFMT_BLANK", "private", "\"sfio.h\"", "public"] },
    { symbol: ["SFFMT_CENTER", "private", "\"sfio.h\"", "public"] },
    { symbol: ["SFFMT_CHOP", "private", "\"sfio.h\"", "public"] },
    { symbol: ["SFFMT_IFLAG", "private", "\"sfio.h\"", "public"] },
    { symbol: ["SFFMT_JFLAG", "private", "\"sfio.h\"", "public"] },
    { symbol: ["SFFMT_LDOUBLE", "private", "\"sfio.h\"", "public"] },
    { symbol: ["SFFMT_LEFT", "private", "\"sfio.h\"", "public"] },
    { symbol: ["SFFMT_LLONG", "private", "\"sfio.h\"", "public"] },
    { symbol: ["SFFMT_LONG", "private", "\"sfio.h\"", "public"] },
    { symbol: ["SFFMT_SHORT", "private", "\"sfio.h\"", "public"] },
    { symbol: ["SFFMT_SIGN", "private", "\"sfio.h\"", "public"] },
    { symbol: ["SFFMT_SKIP", "private", "\"sfio.h\"", "public"] },
    { symbol: ["SFFMT_SSHORT", "private", "\"sfio.h\"", "public"] },
    { symbol: ["SFFMT_TFLAG", "private", "\"sfio.h\"", "public"] },
    { symbol: ["SFFMT_THOUSAND", "private", "\"sfio.h\"", "public"] },
    { symbol: ["SFFMT_VALUE", "private", "\"sfio.h\"", "public"] },
    { symbol: ["SFFMT_ZERO", "private", "\"sfio.h\"", "public"] },
    { symbol: ["SFFMT_ZFLAG", "private", "\"sfio.h\"", "public"] },
    { symbol: ["SFIO_FLAGS", "private", "\"sfio.h\"", "public"] },
    { symbol: ["SFLOCK", "private", "\"sfio.h\"", "public"] },
    { symbol: ["SFMTXRETURN", "private", "\"sfio.h\"", "public"] },
    { symbol: ["SF_APPENDWR", "private", "\"sfio.h\"", "public"] },
    { symbol: ["SF_ATEXIT", "private", "\"sfio.h\"", "public"] },
    { symbol: ["SF_BBITS", "private", "\"sfio.h\"", "public"] },
    { symbol: ["SF_CLOSING", "private", "\"sfio.h\"", "public"] },
    { symbol: ["SF_DBUFFER", "private", "\"sfio.h\"", "public"] },
    { symbol: ["SF_DPOLL", "private", "\"sfio.h\"", "public"] },
    { symbol: ["SF_DPOP", "private", "\"sfio.h\"", "public"] },
    { symbol: ["SF_DPUSH", "private", "\"sfio.h\"", "public"] },
    { symbol: ["SF_EOF", "private", "\"sfio.h\"", "public"] },
    { symbol: ["SF_ERROR", "private", "\"sfio.h\"", "public"] },
    { symbol: ["SF_FINAL", "private", "\"sfio.h\"", "public"] },
    { symbol: ["SF_IOCHECK", "private", "\"sfio.h\"", "public"] },
    { symbol: ["SF_IOINTR", "private", "\"sfio.h\"", "public"] },
    { symbol: ["SF_JUSTSEEK", "private", "\"sfio.h\"", "public"] },
    { symbol: ["SF_LASTR", "private", "\"sfio.h\"", "public"] },
    { symbol: ["SF_LINE", "private", "\"sfio.h\"", "public"] },
    { symbol: ["SF_LOCKED", "private", "\"sfio.h\"", "public"] },
    { symbol: ["SF_LOCKR", "private", "\"sfio.h\"", "public"] },
    { symbol: ["SF_LOCKW", "private", "\"sfio.h\"", "public"] },
    { symbol: ["SF_MALLOC", "private", "\"sfio.h\"", "public"] },
    { symbol: ["SF_MMAP", "private", "\"sfio.h\"", "public"] },
    { symbol: ["SF_MORE", "private", "\"sfio.h\"", "public"] },
    { symbol: ["SF_NEW", "private", "\"sfio.h\"", "public"] },
    { symbol: ["SF_PEEK", "private", "\"sfio.h\"", "public"] },
    { symbol: ["SF_POPDISC", "private", "\"sfio.h\"", "public"] },
    { symbol: ["SF_POPSTACK", "private", "\"sfio.h\"", "public"] },
    { symbol: ["SF_PUBLIC", "private", "\"sfio.h\"", "public"] },
    { symbol: ["SF_PURGE", "private", "\"sfio.h\"", "public"] },
    { symbol: ["SF_READ", "private", "\"sfio.h\"", "public"] },
    { symbol: ["SF_READY", "private", "\"sfio.h\"", "public"] },
    { symbol: ["SF_SBITS", "private", "\"sfio.h\"", "public"] },
    { symbol: ["SF_SEEK", "private", "\"sfio.h\"", "public"] },
    { symbol: ["SF_SETFD", "private", "\"sfio.h\"", "public"] },
    { symbol: ["SF_SETS", "private", "\"sfio.h\"", "public"] },
    { symbol: ["SF_SHARE", "private", "\"sfio.h\"", "public"] },
    { symbol: ["SF_SIGN", "private", "\"sfio.h\"", "public"] },
    { symbol: ["SF_STATIC", "private", "\"sfio.h\"", "public"] },
    { symbol: ["SF_STRING", "private", "\"sfio.h\"", "public"] },
    { symbol: ["SF_SYNC", "private", "\"sfio.h\"", "public"] },
    { symbol: ["SF_TMPFILE", "private", "\"sfio.h\"", "public"] },
    { symbol: ["SF_UBITS", "private", "\"sfio.h\"", "public"] },
    { symbol: ["SF_UNBOUND", "private", "\"sfio.h\"", "public"] },
    { symbol: ["SF_WCWIDTH", "private", "\"sfio.h\"", "public"] },
    { symbol: ["SF_WHOLE", "private", "\"sfio.h\"", "public"] },
    { symbol: ["SF_WRITE", "private", "\"sfio.h\"", "public"] },
    { symbol: ["Sfdouble_t", "private", "\"sfio.h\"", "public"] },
    { symbol: ["Sffmt_t", "private", "\"sfio.h\"", "public"] },
    { symbol: ["Sfio_t", "private", "\"sfio.h\"", "public"] },
    { symbol: ["Sflong_t", "private", "\"sfio.h\"", "public"] },
    { symbol: ["Sfoff_t", "private", "\"sfio.h\"", "public"] },
    { symbol: ["Sfread_f", "private", "\"sfio.h\"", "public"] },
    { symbol: ["Sfseek_f", "private", "\"sfio.h\"", "public"] },
    { symbol: ["Sfulong_t", "private", "\"sfio.h\"", "public"] },
    { symbol: ["Sfwalk_f", "private", "\"sfio.h\"", "public"] },
    { symbol: ["Sfwrite_f", "private", "\"sfio.h\"", "public"] },
    { symbol: ["sfclose", "private", "\"sfio.h\"", "public"] },
    { symbol: ["sfeof", "private", "\"sfio.h\"", "public"] },
    { symbol: ["sferror", "private", "\"sfio.h\"", "public"] },
    { symbol: ["sfgetc", "private", "\"sfio.h\"", "public"] },
    { symbol: ["sfgetl", "private", "\"sfio.h\"", "public"] },
    { symbol: ["sfgetr", "private", "\"sfio.h\"", "public"] },
    { symbol: ["sfgetu", "private", "\"sfio.h\"", "public"] },
    { symbol: ["sfnew", "private", "\"sfio.h\"", "public"] },
    { symbol: ["sfpkrd", "private", "\"sfio.h\"", "public"] },
    { symbol: ["sfputc", "private", "\"sfio.h\"", "public"] },
    { symbol: ["sfputu", "private", "\"sfio.h\"", "public"] },
    { symbol: ["sfreserve", "private", "\"sfio.h\"", "public"] },
    { symbol: ["sfseek", "private", "\"sfio.h\"", "public"] },
    { symbol: ["sfset", "private", "\"sfio.h\"", "public"] },
    { symbol: ["sfsetbuf", "private", "\"sfio.h\"", "public"] },
    { symbol: ["sfsetfd", "private", "\"sfio.h\"", "public"] },
    { symbol: ["sfslen", "private", "\"sfio.h\"", "public"] },
    { symbol: ["sfstack", "private", "\"sfio.h\"", "public"] },
    { symbol: ["sfstderr", "private", "\"sfio.h\"", "public"] },
    { symbol: ["sfstdin", "private", "\"sfio.h\"", "public"] },
    { symbol: ["sfstdout", "private", "\"sfio.h\"", "public"] },
    { symbol: ["sfswap", "private", "\"sfio.h\"", "public"] },
    { symbol: ["sfsync", "private", "\"sfio.h\"", "public"] },
    { symbol: ["sfulen", "private", "\"sfio.h\"", "public"] },
    { symbol: ["sfungetc", "private", "\"sfio.h\"", "public"] },
    { symbol: ["sfvalue", "private", "\"sfio.h\"", "public"] },
    { symbol: ["sfvprintf", "private", "\"sfio.h\"", "public"] },
    { symbol: ["sfvscanf", "private", "\"sfio.h\"", "public"] },
    { symbol: ["sfwrite", "private", "\"sfio.h\"", "public"] },

    { symbol: ["SEEK_SET", "private", "\"sfhdr.h\"", "public"] },
    { symbol: ["SFFMT_ALTER", "private", "\"sfhdr.h\"", "public"] },
    { symbol: ["SFFMT_ARGPOS", "private", "\"sfhdr.h\"", "public"] },
    { symbol: ["SFFMT_BLANK", "private", "\"sfhdr.h\"", "public"] },
    { symbol: ["SFFMT_CENTER", "private", "\"sfhdr.h\"", "public"] },
    { symbol: ["SFFMT_CHOP", "private", "\"sfhdr.h\"", "public"] },
    { symbol: ["SFFMT_IFLAG", "private", "\"sfhdr.h\"", "public"] },
    { symbol: ["SFFMT_JFLAG", "private", "\"sfhdr.h\"", "public"] },
    { symbol: ["SFFMT_LDOUBLE", "private", "\"sfhdr.h\"", "public"] },
    { symbol: ["SFFMT_LEFT", "private", "\"sfhdr.h\"", "public"] },
    { symbol: ["SFFMT_LLONG", "private", "\"sfhdr.h\"", "public"] },
    { symbol: ["SFFMT_LONG", "private", "\"sfhdr.h\"", "public"] },
    { symbol: ["SFFMT_SHORT", "private", "\"sfhdr.h\"", "public"] },
    { symbol: ["SFFMT_SIGN", "private", "\"sfhdr.h\"", "public"] },
    { symbol: ["SFFMT_SKIP", "private", "\"sfhdr.h\"", "public"] },
    { symbol: ["SFFMT_SSHORT", "private", "\"sfhdr.h\"", "public"] },
    { symbol: ["SFFMT_TFLAG", "private", "\"sfhdr.h\"", "public"] },
    { symbol: ["SFFMT_THOUSAND", "private", "\"sfhdr.h\"", "public"] },
    { symbol: ["SFFMT_VALUE", "private", "\"sfhdr.h\"", "public"] },
    { symbol: ["SFFMT_ZERO", "private", "\"sfhdr.h\"", "public"] },
    { symbol: ["SFFMT_ZFLAG", "private", "\"sfhdr.h\"", "public"] },
    { symbol: ["SFIO_FLAGS", "private", "\"sfhdr.h\"", "public"] },
    { symbol: ["SFLOCK", "private", "\"sfhdr.h\"", "public"] },
    { symbol: ["SFMTXRETURN", "private", "\"sfhdr.h\"", "public"] },
    { symbol: ["SF_APPENDWR", "private", "\"sfhdr.h\"", "public"] },
    { symbol: ["SF_ATEXIT", "private", "\"sfhdr.h\"", "public"] },
    { symbol: ["SF_BBITS", "private", "\"sfhdr.h\"", "public"] },
    { symbol: ["SF_CLOSING", "private", "\"sfhdr.h\"", "public"] },
    { symbol: ["SF_DBUFFER", "private", "\"sfhdr.h\"", "public"] },
    { symbol: ["SF_DPOLL", "private", "\"sfhdr.h\"", "public"] },
    { symbol: ["SF_DPOP", "private", "\"sfhdr.h\"", "public"] },
    { symbol: ["SF_DPUSH", "private", "\"sfhdr.h\"", "public"] },
    { symbol: ["SF_EOF", "private", "\"sfhdr.h\"", "public"] },
    { symbol: ["SF_ERROR", "private", "\"sfhdr.h\"", "public"] },
    { symbol: ["SF_FINAL", "private", "\"sfhdr.h\"", "public"] },
    { symbol: ["SF_IOCHECK", "private", "\"sfhdr.h\"", "public"] },
    { symbol: ["SF_IOINTR", "private", "\"sfhdr.h\"", "public"] },
    { symbol: ["SF_JUSTSEEK", "private", "\"sfhdr.h\"", "public"] },
    { symbol: ["SF_LASTR", "private", "\"sfhdr.h\"", "public"] },
    { symbol: ["SF_LINE", "private", "\"sfhdr.h\"", "public"] },
    { symbol: ["SF_LOCKED", "private", "\"sfhdr.h\"", "public"] },
    { symbol: ["SF_LOCKR", "private", "\"sfhdr.h\"", "public"] },
    { symbol: ["SF_LOCKW", "private", "\"sfhdr.h\"", "public"] },
    { symbol: ["SF_MALLOC", "private", "\"sfhdr.h\"", "public"] },
    { symbol: ["SF_MMAP", "private", "\"sfhdr.h\"", "public"] },
    { symbol: ["SF_MORE", "private", "\"sfhdr.h\"", "public"] },
    { symbol: ["SF_NEW", "private", "\"sfhdr.h\"", "public"] },
    { symbol: ["SF_PEEK", "private", "\"sfhdr.h\"", "public"] },
    { symbol: ["SF_POPDISC", "private", "\"sfhdr.h\"", "public"] },
    { symbol: ["SF_POPSTACK", "private", "\"sfhdr.h\"", "public"] },
    { symbol: ["SF_PUBLIC", "private", "\"sfhdr.h\"", "public"] },
    { symbol: ["SF_PURGE", "private", "\"sfhdr.h\"", "public"] },
    { symbol: ["SF_READ", "private", "\"sfhdr.h\"", "public"] },
    { symbol: ["SF_READY", "private", "\"sfhdr.h\"", "public"] },
    { symbol: ["SF_SBITS", "private", "\"sfhdr.h\"", "public"] },
    { symbol: ["SF_SEEK", "private", "\"sfhdr.h\"", "public"] },
    { symbol: ["SF_SETFD", "private", "\"sfhdr.h\"", "public"] },
    { symbol: ["SF_SETS", "private", "\"sfhdr.h\"", "public"] },
    { symbol: ["SF_SHARE", "private", "\"sfhdr.h\"", "public"] },
    { symbol: ["SF_SIGN", "private", "\"sfhdr.h\"", "public"] },
    { symbol: ["SF_STATIC", "private", "\"sfhdr.h\"", "public"] },
    { symbol: ["SF_STRING", "private", "\"sfhdr.h\"", "public"] },
    { symbol: ["SF_SYNC", "private", "\"sfhdr.h\"", "public"] },
    { symbol: ["SF_TMPFILE", "private", "\"sfhdr.h\"", "public"] },
    { symbol: ["SF_UBITS", "private", "\"sfhdr.h\"", "public"] },
    { symbol: ["SF_UNBOUND", "private", "\"sfhdr.h\"", "public"] },
    { symbol: ["SF_WCWIDTH", "private", "\"sfhdr.h\"", "public"] },
    { symbol: ["SF_WHOLE", "private", "\"sfhdr.h\"", "public"] },
    { symbol: ["SF_WRITE", "private", "\"sfhdr.h\"", "public"] },
    { symbol: ["Sfdouble_t", "private", "\"sfhdr.h\"", "public"] },
    { symbol: ["Sffmt_t", "private", "\"sfhdr.h\"", "public"] },
    { symbol: ["Sfio_t", "private", "\"sfhdr.h\"", "public"] },
    { symbol: ["Sflong_t", "private", "\"sfhdr.h\"", "public"] },
    { symbol: ["Sfoff_t", "private", "\"sfhdr.h\"", "public"] },
    { symbol: ["Sfread_f", "private", "\"sfhdr.h\"", "public"] },
    { symbol: ["Sfseek_f", "private", "\"sfhdr.h\"", "public"] },
    { symbol: ["Sfulong_t", "private", "\"sfhdr.h\"", "public"] },
    { symbol: ["Sfwalk_f", "private", "\"sfhdr.h\"", "public"] },
    { symbol: ["Sfwrite_f", "private", "\"sfhdr.h\"", "public"] },
    { symbol: ["_SF_", "private", "\"sfhdr.h\"", "public"] },
    { symbol: ["_Sfi", "private", "\"sfhdr.h\"", "public"] },
    { symbol: ["_Sfmaxr", "private", "\"sfhdr.h\"", "public"] },
    { symbol: ["__sf_clrerr", "private", "\"sfhdr.h\"", "public"] },
    { symbol: ["__sf_dlen", "private", "\"sfhdr.h\"", "public"] },
    { symbol: ["__sf_eof", "private", "\"sfhdr.h\"", "public"] },
    { symbol: ["__sf_error", "private", "\"sfhdr.h\"", "public"] },
    { symbol: ["__sf_fileno", "private", "\"sfhdr.h\"", "public"] },
    { symbol: ["__sf_getc", "private", "\"sfhdr.h\"", "public"] },
    { symbol: ["__sf_llen", "private", "\"sfhdr.h\"", "public"] },
    { symbol: ["__sf_putc", "private", "\"sfhdr.h\"", "public"] },
    { symbol: ["__sf_putd", "private", "\"sfhdr.h\"", "public"] },
    { symbol: ["__sf_putl", "private", "\"sfhdr.h\"", "public"] },
    { symbol: ["__sf_putm", "private", "\"sfhdr.h\"", "public"] },
    { symbol: ["__sf_putu", "private", "\"sfhdr.h\"", "public"] },
    { symbol: ["__sf_slen", "private", "\"sfhdr.h\"", "public"] },
    { symbol: ["__sf_stacked", "private", "\"sfhdr.h\"", "public"] },
    { symbol: ["__sf_ulen", "private", "\"sfhdr.h\"", "public"] },
    { symbol: ["__sf_value", "private", "\"sfhdr.h\"", "public"] },
    { symbol: ["_sfdisc_s", "private", "\"sfhdr.h\"", "public"] },
    { symbol: ["_sfflsbuf", "private", "\"sfhdr.h\"", "public"] },
    { symbol: ["_sfio_s", "private", "\"sfhdr.h\"", "public"] },
    { symbol: ["_sfmode", "private", "\"sfhdr.h\"", "public"] },
    { symbol: ["sfclose", "private", "\"sfhdr.h\"", "public"] },
    { symbol: ["sfeof", "private", "\"sfhdr.h\"", "public"] },
    { symbol: ["sferror", "private", "\"sfhdr.h\"", "public"] },
    { symbol: ["sfgetc", "private", "\"sfhdr.h\"", "public"] },
    { symbol: ["sfgetl", "private", "\"sfhdr.h\"", "public"] },
    { symbol: ["sfgetr", "private", "\"sfhdr.h\"", "public"] },
    { symbol: ["sfgetu", "private", "\"sfhdr.h\"", "public"] },
    { symbol: ["sfnew", "private", "\"sfhdr.h\"", "public"] },
    { symbol: ["sfpkrd", "private", "\"sfhdr.h\"", "public"] },
    { symbol: ["sfputc", "private", "\"sfhdr.h\"", "public"] },
    { symbol: ["sfputu", "private", "\"sfhdr.h\"", "public"] },
    { symbol: ["sfreserve", "private", "\"sfhdr.h\"", "public"] },
    { symbol: ["sfseek", "private", "\"sfhdr.h\"", "public"] },
    { symbol: ["sfset", "private", "\"sfhdr.h\"", "public"] },
    { symbol: ["sfsetbuf", "private", "\"sfhdr.h\"", "public"] },
    { symbol: ["sfsetfd", "private", "\"sfhdr.h\"", "public"] },
    { symbol: ["sfslen", "private", "\"sfhdr.h\"", "public"] },
    { symbol: ["sfstack", "private", "\"sfhdr.h\"", "public"] },
    { symbol: ["sfstderr", "private", "\"sfhdr.h\"", "public"] },
    { symbol: ["sfstdin", "private", "\"sfhdr.h\"", "public"] },
    { symbol: ["sfstdout", "private", "\"sfhdr.h\"", "public"] },
    { symbol: ["sfswap", "private", "\"sfhdr.h\"", "public"] },
    { symbol: ["sfsync", "private", "\"sfhdr.h\"", "public"] },
    { symbol: ["sfulen", "private", "\"sfhdr.h\"", "public"] },
    { symbol: ["sfungetc", "private", "\"sfhdr.h\"", "public"] },
    { symbol: ["sfvalue", "private", "\"sfhdr.h\"", "public"] },
    { symbol: ["sfvprintf", "private", "\"sfhdr.h\"", "public"] },
    { symbol: ["sfvscanf", "private", "\"sfhdr.h\"", "public"] },
    { symbol: ["sfwrite", "private", "\"sfhdr.h\"", "public"] },

    { symbol: ["Sfdisc_t", "private", "\"sfdisc.h\"", "public"] },
    { symbol: ["sfdisc", "private", "\"sfdisc.h\"", "public"] },
]
