# Map file for the include-what-you-use tool on macOS. For some reason
# the version installed by HomeBrew doesn't have useful mappings for the
# system provided headers. This also has mappings for FreeBSD.
[
    { include: ["<sys/_pthread/_pthread_once_t.h>", "public", "<pthread.h>", "public"] },
    { include: ["<sys/_pthread/_pthread_mutex_t.h>", "public", "<pthread.h>", "public"] },
    { include: ["<sys/_pthread/_pthread_rwlock_t.h>", "public", "<pthread.h>", "public"] },
    { include: ["<sys/_pthread/_pthread_mutexattr_t.h>", "public", "<pthread.h>", "public"] },
    { include: ["<sys/_pthread/_pthread_cond_t.h>", "public", "<pthread.h>", "public"] },
    { include: ["<sys/_pthread/_pthread_t.h>", "public", "<pthread.h>", "public"] },
    { include: ["<sys/_pthread/_pthread_key_t.h>", "public", "<pthread.h>", "public"] },
    { include: ["<sys/_pthreadtypes.h>", "public", "<pthread.h>", "public"] },
    { include: ["<sys/_types/_posix_vdisable.h>", "public", "<pthread.h>", "public"] },
    { include: ["<sys/_types/_time_t.h>", "public", "<time.h>", "public"] },
    { include: ["<sys/_types/_suseconds_t.h>", "public", "<time.h>", "public"] },
    { include: ["<sys/_types/_suseconds_t.h>", "public", "<sys/types.h>", "public"] },
    { include: ["<sys/errno.h>", "public", "<errno.h>", "public"] },
    { include: ["<sys/unistd.h>", "public", "<unistd.h>", "public"] },
    { include: ["<_wctype.h>", "public", "<wctype.h>", "public"] },
    { include: ["<sys/fcntl.h>", "public", "<fcntl.h>", "public"] },
    { include: ["<sys/_types/_seek_set.h>", "public", "<fcntl.h>", "public"] },
    { include: ["<sys/_types/_mbstate_t.h>", "public", "<wchar.h>", "public"] },
    { include: ["<iosfwd>", "public", "<string>", "public"] },
    { include: ["<sys/_stdint.h>", "public", "<stdint.h>", "public"] },
    { include: ["<sys/_types/_timeval.h>", "public", "<sys/time.h>", "public"] },
    { include: ["<sys/_types/_s_ifmt.h>", "public", "<sys/types.h>", "public"] },
    { include: ["<sys/_types/_size_t.h>", "public", "<sys/types.h>", "public"] },
    { include: ["<sys/_types/_size_t.h>", "public", "<stdlib.h>", "public"] },
    { include: ["<sys/_types/_mode_t.h>", "public", "<sys/types.h>", "public"] },
    { include: ["<sys/_types/_pid_t.h>", "public", "<sys/types.h>", "public"] },
    { include: ["<sys/_types/_fd_def.h>", "public", "<sys/types.h>", "public"] },
    { include: ["<sys/_types/_fd_isset.h>", "public", "<sys/types.h>", "public"] },
    { include: ["<sys/_types/_fd_set.h>", "public", "<sys/types.h>", "public"] },
    { include: ["<sys/_types/_fd_zero.h>", "public", "<sys/types.h>", "public"] },
    { include: ["<sys/_types/_uid_t.h>", "public", "<sys/types.h>", "public"] },
    { include: ["<_types/_intmax_t.h>", "public", "<sys/types.h>", "public"] },
    { include: ["<_types/_uintmax_t.h>", "public", "<sys/types.h>", "public"] },
    { include: ["<_types/_uint8_t.h>", "public", "<sys/types.h>", "public"] },
    { include: ["<sys/_types/_int32_t.h>", "public", "<sys/types.h>", "public"] },
    { include: ["<_types/_uint64_t.h>", "public", "<sys/types.h>", "public"] },
    { include: ["<sys/_types/_uintptr_t.h>", "public", "<sys/types.h>", "public"] },
    { include: ["<sys/_types/_dev_t.h>", "public", "<sys/types.h>", "public"] },
    { include: ["<sys/_types/_ino_t.h>", "public", "<sys/types.h>", "public"] },
    { include: ["<sys/_types/_va_list.h>", "public", "<stdio.h>", "public"] },
    { include: ["<__functional_base>", "public", "<memory>", "public"] },
    { include: ["<__functional_base>", "public", "<vector>", "public"] },
    { include: ["<__functional_base>", "public", "<string>", "public"] },
    { include: ["<__tree>", "public", "<map>", "public"] },
    { include: ["<__tree>", "public", "<set>", "public"] },
    { include: ["<_types/_uint32_t.h>", "public", "<sys/types.h>", "public"] },
    { include: ["<sys/_types/_va_list.h>", "public", "<sys/types.h>", "public"] },
    { include: ["<sys/_types/_sigset_t.h>", "public", "<signal.h>", "public"] },
    { include: ["<sys/signal.h>", "public", "<signal.h>", "public"] },
    { include: ["<strings.h>", "public", "<string.h>", "public"] },
    { include: ["<sys/termios.h>", "public", "<termios.h>", "public"] },
    { include: ["<sys/_termios.h>", "public", "<termios.h>", "public"] },
    { include: ["<sys/ttycom.h>", "public", "<termios.h>", "public"] },
    { include: ["<sys/syslimits.h>", "public", "<limits.h>", "public"] },
    { include: ["<i386/limits.h>", "public", "<limits.h>", "public"] },
    { include: ["<sys/limits.h>", "public", "<limits.h>", "public"] },
    { include: ["<sys/_types/_wint_t.h>", "public", "<stddef.h>", "public"] },
    { include: ["<sys/_select.h>", "public", "<select.h>", "public"] },
    { include: ["<sys/cdefs.h>", "public", "<unistd.h>", "public"] },
    { include: ["<istream>", "public", "<iostream>", "public"] },
    { include: ["<sys/_endian.h>", "public", "<netinet/in.h>", "public"] },
    { include: ["<sys/_types/_timespec.h>", "public", "<time.h>", "public"] },
    { include: ["<sys/_timespec.h>", "public", "<time.h>", "public"] },
    { include: ["<sys/spawn.h>", "public", "<spawn.h>", "public"] },
    { include: ["<sys/dirent.h>", "public", "<dirent.h>", "public"] },
    { include: ["<__mutex_base>", "public", "<mutex>", "public"] },
    { include: ["<__hash_table>", "public", "<unordered_map>", "public"] },
    { include: ["<__hash_table>", "public", "<unordered_set>", "public"] },
#   { include: ["<>", "private", "<>", "public"] },

    { symbol: ["dirent", "private", "<dirent.h>", "public"] },
    { symbol: ["pthread_t", "private", "<pthread.h>", "public"] },
    { symbol: ["termios", "private", "<termios.h>", "public"] },
    { symbol: ["cfgetospeed", "private", "<termios.h>", "public"] },
    { symbol: ["tcgetattr", "private", "<termios.h>", "public"] },
    { symbol: ["tcsetattr", "private", "<termios.h>", "public"] },
    { symbol: ["ISIG", "private", "<termios.h>", "public"] },
    { symbol: ["ICANON", "private", "<termios.h>", "public"] },
    { symbol: ["TCSADRAIN", "private", "<termios.h>", "public"] },
    { symbol: ["TCSANOW", "private", "<termios.h>", "public"] },
    { symbol: ["VEOL", "private", "<termios.h>", "public"] },
    { symbol: ["VEOF", "private", "<termios.h>", "public"] },
    { symbol: ["VERASE", "private", "<termios.h>", "public"] },
    { symbol: ["VINTR", "private", "<termios.h>", "public"] },
    { symbol: ["VKILL", "private", "<termios.h>", "public"] },
    { symbol: ["VMIN", "private", "<termios.h>", "public"] },
    { symbol: ["VTIME", "private", "<termios.h>", "public"] },
    { symbol: ["VLNEXT", "private", "<termios.h>", "public"] },
    { symbol: ["INLCR", "private", "<termios.h>", "public"] },
    { symbol: ["PARMRK", "private", "<termios.h>", "public"] },
    { symbol: ["IGNPAR", "private", "<termios.h>", "public"] },
    { symbol: ["VWERASE", "private", "<termios.h>", "public"] },
    { symbol: ["VDISCARD", "private", "<termios.h>", "public"] },
    { symbol: ["VDSUSP", "private", "<termios.h>", "public"] },
    { symbol: ["ECHO", "private", "<termios.h>", "public"] },
    { symbol: ["FLUSHO", "private", "<termios.h>", "public"] },
    { symbol: ["cc_t", "private", "<termios.h>", "public"] },
    { symbol: ["TCSAFLUSH", "private", "<termios.h>", "public"] },
    { symbol: ["VSUSP", "private", "<termios.h>", "public"] },
    { symbol: ["VREPRINT", "private", "<termios.h>", "public"] },
    { symbol: ["B1200", "private", "<termios.h>", "public"] },
    { symbol: ["BRKINT", "private", "<termios.h>", "public"] },
    { symbol: ["ECHOK", "private", "<termios.h>", "public"] },
    { symbol: ["ICRNL", "private", "<termios.h>", "public"] },
    { symbol: ["IGNCR", "private", "<termios.h>", "public"] },
    { symbol: ["NBPG", "private", "<sys/param.h>", "public"] },
    { symbol: ["wctype_t", "private", "<wctype.h>", "public"] },
    { symbol: ["iswcntrl", "private", "<wctype.h>", "public"] },
    { symbol: ["iswspace", "private", "<wctype.h>", "public"] },
    { symbol: ["towupper", "private", "<wctype.h>", "public"] },
    { symbol: ["towlower", "private", "<wctype.h>", "public"] },
    { symbol: ["iswlower", "private", "<wctype.h>", "public"] },
    { symbol: ["iswupper", "private", "<wctype.h>", "public"] },
    { symbol: ["iswalnum", "private", "<wctype.h>", "public"] },
    { symbol: ["iswprint", "private", "<wctype.h>", "public"] },
    { symbol: ["isdigit", "private", "<ctype.h>", "public"] },
    { symbol: ["isxdigit", "private", "<ctype.h>", "public"] },
    { symbol: ["isspace", "private", "<ctype.h>", "public"] },
    { symbol: ["ispunct", "private", "<ctype.h>", "public"] },
    { symbol: ["isascii", "private", "<ctype.h>", "public"] },
    { symbol: ["islower", "private", "<ctype.h>", "public"] },
    { symbol: ["isupper", "private", "<ctype.h>", "public"] },
    { symbol: ["isalpha", "private", "<ctype.h>", "public"] },
    { symbol: ["isalnum", "private", "<ctype.h>", "public"] },
    { symbol: ["iscntrl", "private", "<ctype.h>", "public"] },
    { symbol: ["isprint", "private", "<ctype.h>", "public"] },
    { symbol: ["toupper", "private", "<ctype.h>", "public"] },
    { symbol: ["tolower", "private", "<ctype.h>", "public"] },
    { symbol: ["strcasecmp", "private", "<strings.h>", "public"] },
    { symbol: ["sigval", "private", "<signal.h>", "public"] },
    { symbol: ["signal", "private", "<signal.h>", "public"] },
    { symbol: ["sigaction", "private", "<signal.h>", "public"] },
    { symbol: ["sa_handler", "private", "<signal.h>", "public"] },
    { symbol: ["sa_sigaction", "private", "<signal.h>", "public"] },
    { symbol: ["SIG_IGN", "private", "<signal.h>", "public"] },
    { symbol: ["SIG_BLOCK", "private", "<signal.h>", "public"] },
    { symbol: ["SIG_UNBLOCK", "private", "<signal.h>", "public"] },
    { symbol: ["SIG_SETMASK", "private", "<signal.h>", "public"] },
    { symbol: ["SIG_DFL", "private", "<signal.h>", "public"] },
    { symbol: ["SI_ASYNCIO", "private", "<signal.h>", "public"] },
    { symbol: ["SI_MESGQ", "private", "<signal.h>", "public"] },
    { symbol: ["SI_QUEUE", "private", "<signal.h>", "public"] },
    { symbol: ["SI_USER", "private", "<signal.h>", "public"] },
    { symbol: ["SI_TIMER", "private", "<signal.h>", "public"] },
    { symbol: ["SA_SIGINFO", "private", "<signal.h>", "public"] },
    { symbol: ["SIGFPE", "private", "<signal.h>", "public"] },
    { symbol: ["SIGVTALRM", "private", "<signal.h>", "public"] },
    { symbol: ["SIGALRM", "private", "<signal.h>", "public"] },
    { symbol: ["SIGABRT", "private", "<signal.h>", "public"] },
    { symbol: ["SIGINFO", "private", "<signal.h>", "public"] },
    { symbol: ["SIGIO", "private", "<signal.h>", "public"] },
    { symbol: ["SIGIOT", "private", "<signal.h>", "public"] },
    { symbol: ["SIGKILL", "private", "<signal.h>", "public"] },
    { symbol: ["SIGPROF", "private", "<signal.h>", "public"] },
    { symbol: ["SIGSYS", "private", "<signal.h>", "public"] },
    { symbol: ["SIGTRAP", "private", "<signal.h>", "public"] },
    { symbol: ["SIGURG", "private", "<signal.h>", "public"] },
    { symbol: ["SIGUSR1", "private", "<signal.h>", "public"] },
    { symbol: ["SIGUSR2", "private", "<signal.h>", "public"] },
    { symbol: ["SIGBUS", "private", "<signal.h>", "public"] },
    { symbol: ["SIGCHLD", "private", "<signal.h>", "public"] },
    { symbol: ["SIGCONT", "private", "<signal.h>", "public"] },
    { symbol: ["SIGTTIN", "private", "<signal.h>", "public"] },
    { symbol: ["SIGINT", "private", "<signal.h>", "public"] },
    { symbol: ["SIGQUIT", "private", "<signal.h>", "public"] },
    { symbol: ["SIGHUP", "private", "<signal.h>", "public"] },
    { symbol: ["SIGILL", "private", "<signal.h>", "public"] },
    { symbol: ["SIGSTOP", "private", "<signal.h>", "public"] },
    { symbol: ["SIGTERM", "private", "<signal.h>", "public"] },
    { symbol: ["SIGTTOU", "private", "<signal.h>", "public"] },
    { symbol: ["SIGWINCH", "private", "<signal.h>", "public"] },
    { symbol: ["SIGXCPU", "private", "<signal.h>", "public"] },
    { symbol: ["SIGXFSZ", "private", "<signal.h>", "public"] },
    { symbol: ["SIGPIPE", "private", "<signal.h>", "public"] },
    { symbol: ["SIGTSTP", "private", "<signal.h>", "public"] },
    { symbol: ["SIGSEGV", "private", "<signal.h>", "public"] },
    { symbol: ["SIGEMT", "private", "<signal.h>", "public"] },
    { symbol: ["CLD_CONTINUED", "private", "<signal.h>", "public"] },
    { symbol: ["CLD_STOPPED", "private", "<signal.h>", "public"] },
    { symbol: ["CLD_TRAPPED", "private", "<signal.h>", "public"] },
    { symbol: ["CLD_DUMPED", "private", "<signal.h>", "public"] },
    { symbol: ["CLD_EXITED", "private", "<signal.h>", "public"] },
    { symbol: ["CLD_KILLED", "private", "<signal.h>", "public"] },
    { symbol: ["ILL_BADSTK", "private", "<signal.h>", "public"] },
    { symbol: ["ILL_COPROC", "private", "<signal.h>", "public"] },
    { symbol: ["ILL_ILLOPC", "private", "<signal.h>", "public"] },
    { symbol: ["ILL_ILLOPN", "private", "<signal.h>", "public"] },
    { symbol: ["ILL_PRVOPC", "private", "<signal.h>", "public"] },
    { symbol: ["POLL_IN", "private", "<signal.h>", "public"] },
    { symbol: ["siginfo_t", "private", "<signal.h>", "public"] },
    { symbol: ["sig_atomic_t", "private", "<csignal>", "public"] },
    { symbol: ["va_end", "private", "<stdarg.h>", "public"] },
    { symbol: ["va_list", "private", "<stdarg.h>", "public"] },
    { symbol: ["va_start", "private", "<stdarg.h>", "public"] },
    { symbol: ["NULL", "private", "<stddef.h>", "public"] },
    { symbol: ["NULL", "private", "<stdlib.h>", "public"] },
    { symbol: ["NULL", "private", "<stdio.h>", "public"] },
    { symbol: ["NULL", "private", "<unistd.h>", "public"] },
    { symbol: ["off_t", "private", "<unistd.h>", "public"] },
    { symbol: ["size_t", "private", "<stddef.h>", "public"] },
    { symbol: ["ssize_t", "private", "<stddef.h>", "public"] },
    { symbol: ["intptr_t", "private", "<unistd.h>", "public"] },
    { symbol: ["gid_t", "private", "<unistd.h>", "public"] },
    { symbol: ["uid_t", "private", "<unistd.h>", "public"] },
    { symbol: ["pid_t", "private", "<unistd.h>", "public"] },
    { symbol: ["F_OK", "private", "<unistd.h>", "public"] },
    { symbol: ["R_OK", "private", "<unistd.h>", "public"] },
    { symbol: ["W_OK", "private", "<unistd.h>", "public"] },
    { symbol: ["X_OK", "private", "<unistd.h>", "public"] },
    { symbol: ["_CS_PATH", "private", "<unistd.h>", "public"] },
    { symbol: ["faccessat", "private", "<unistd.h>", "public"] },
    { symbol: ["readlink", "private", "<unistd.h>", "public"] },
    { symbol: ["mbstate_t", "private", "<sys/types.h>", "public"] },
    { symbol: ["pid_t", "private", "<sys/types.h>", "public"] },
    { symbol: ["uid_t", "private", "<sys/types.h>", "public"] },
    { symbol: ["gid_t", "private", "<sys/types.h>", "public"] },
    { symbol: ["size_t", "private", "<sys/types.h>", "public"] },
    { symbol: ["ssize_t", "private", "<sys/types.h>", "public"] },
    { symbol: ["int8_t", "private", "<sys/types.h>", "public"] },
    { symbol: ["uint8_t", "private", "<sys/types.h>", "public"] },
    { symbol: ["int16_t", "private", "<sys/types.h>", "public"] },
    { symbol: ["uint16_t", "private", "<sys/types.h>", "public"] },
    { symbol: ["int32_t", "private", "<sys/types.h>", "public"] },
    { symbol: ["int64_t", "private", "<sys/types.h>", "public"] },
    { symbol: ["uint64_t", "private", "<sys/types.h>", "public"] },
    { symbol: ["intmax_t", "private", "<sys/types.h>", "public"] },
    { symbol: ["uintmax_t", "private", "<sys/types.h>", "public"] },
    { symbol: ["caddr_t", "private", "<sys/types.h>", "public"] },
    { symbol: ["off_t", "private", "<sys/types.h>", "public"] },
    { symbol: ["wint_t", "private", "<sys/types.h>", "public"] },
    { symbol: ["__darwin_ino64_t", "private", "<sys/types.h>", "public"] },
    { symbol: ["offsetof", "private", "<stddef.h>", "public"] },
    { symbol: ["ptrdiff_t", "private", "<stddef.h>", "public"] },
    { symbol: ["int16_t", "private", "<stdint.h>", "public"] },
    { symbol: ["uint16_t", "private", "<stdint.h>", "public"] },
    { symbol: ["int32_t", "private", "<stdint.h>", "public"] },
    { symbol: ["int64_t", "private", "<stdint.h>", "public"] },
    { symbol: ["uint64_t", "private", "<stdint.h>", "public"] },
    { symbol: ["timeval", "private", "<sys/time.h>", "public"] },
    { symbol: ["gettimeofday", "private", "<sys/time.h>", "public"] },
    { symbol: ["__uint32_t", "private", "<stdint.h>", "public"] },
    { symbol: ["uint32_t", "private", "<stdint.h>", "public"] },
    { symbol: ["intptr_t", "private", "<stdint.h>", "public"] },
    { symbol: ["uintptr_t", "private", "<stdint.h>", "public"] },
    { symbol: ["intmax_t", "private", "<stdint.h>", "public"] },
    { symbol: ["uintmax_t", "private", "<stdint.h>", "public"] },
    { symbol: ["tparm", "private", "<ncurses.h>", "public"] },
    { symbol: ["tigetflag", "private", "<ncurses.h>", "public"] },
    { symbol: ["ERR", "private", "<ncurses.h>", "public"] },
    { symbol: ["OK", "private", "<ncurses.h>", "public"] },
    { symbol: ["select", "private", "<sys/select.h>", "public"] },
    { symbol: ["fd_set", "private", "<sys/select.h>", "public"] },
    { symbol: ["FD_ISSET", "private", "<sys/select.h>", "public"] },
    { symbol: ["FD_SET", "private", "<sys/select.h>", "public"] },
    { symbol: ["FD_ZERO", "private", "<sys/select.h>", "public"] },
    { symbol: ["_LIBCPP_VERSION", "private", "<stddef.h>", "public"] },
    { symbol: ["_LIBCPP_VERSION", "private", "<unistd.h>", "public"] },
    { symbol: ["MB_CUR_MAX", "private", "<stdlib.h>", "public"] },
    { symbol: ["MB_CUR_MAX", "private", "<xlocale.h>", "public"] },
    { symbol: ["S_IRUSR", "private", "<sys/stat.h>", "public"] },
    { symbol: ["S_IWUSR", "private", "<sys/stat.h>", "public"] },
    { symbol: ["S_IXUSR", "private", "<sys/stat.h>", "public"] },
    { symbol: ["S_IXGRP", "private", "<sys/stat.h>", "public"] },
    { symbol: ["S_IXOTH", "private", "<sys/stat.h>", "public"] },
    { symbol: ["S_ISVTX", "private", "<sys/stat.h>", "public"] },
    { symbol: ["S_ISGID", "private", "<sys/stat.h>", "public"] },
    { symbol: ["S_ISUID", "private", "<sys/stat.h>", "public"] },
    { symbol: ["S_IFMT", "private", "<sys/stat.h>", "public"] },
    { symbol: ["S_IRGRP", "private", "<sys/stat.h>", "public"] },
    { symbol: ["S_IWGRP", "private", "<sys/stat.h>", "public"] },
    { symbol: ["S_IROTH", "private", "<sys/stat.h>", "public"] },
    { symbol: ["S_IWOTH", "private", "<sys/stat.h>", "public"] },
    { symbol: ["S_IRWXG", "private", "<sys/stat.h>", "public"] },
    { symbol: ["S_IRWXO", "private", "<sys/stat.h>", "public"] },
    { symbol: ["S_IRWXU", "private", "<sys/stat.h>", "public"] },
    { symbol: ["timespec", "private", "<time.h>", "public"] },
    { symbol: ["time_t", "private", "<time.h>", "public"] },
    { symbol: ["__error", "private", "<errno.h>", "public"] },
    { symbol: ["errno", "private", "<errno.h>", "public"] },
    { symbol: ["EILSEQ", "private", "<errno.h>", "public"] },
    { symbol: ["ENXIO", "private", "<errno.h>", "public"] },
    { symbol: ["EPIPE", "private", "<errno.h>", "public"] },
    { symbol: ["EWOULDBLOCK", "private", "<errno.h>", "public"] },
    { symbol: ["ELOOP", "private", "<errno.h>", "public"] },
    { symbol: ["EIO", "private", "<errno.h>", "public"] },
    { symbol: ["ECONNRESET", "private", "<errno.h>", "public"] },
    { symbol: ["ESHUTDOWN", "private", "<errno.h>", "public"] },
    { symbol: ["EFAULT", "private", "<errno.h>", "public"] },
    { symbol: ["ENOMEM", "private", "<errno.h>", "public"] },
    { symbol: ["ECHILD", "private", "<errno.h>", "public"] },
    { symbol: ["EPERM", "private", "<errno.h>", "public"] },
    { symbol: ["EAGAIN", "private", "<errno.h>", "public"] },
    { symbol: ["EINVAL", "private", "<errno.h>", "public"] },
    { symbol: ["ENOENT", "private", "<errno.h>", "public"] },
    { symbol: ["ENOSPC", "private", "<errno.h>", "public"] },
    { symbol: ["EBADF", "private", "<errno.h>", "public"] },
    { symbol: ["EEXIST", "private", "<errno.h>", "public"] },
    { symbol: ["ENOTDIR", "private", "<errno.h>", "public"] },
    { symbol: ["ENOSYS", "private", "<errno.h>", "public"] },
    { symbol: ["EINTR", "private", "<errno.h>", "public"] },
    { symbol: ["ERANGE", "private", "<errno.h>", "public"] },
    { symbol: ["ESRCH", "private", "<errno.h>", "public"] },
    { symbol: ["ENOEXEC", "private", "<errno.h>", "public"] },
    { symbol: ["ESPIPE", "private", "<errno.h>", "public"] },
    { symbol: ["E2BIG", "private", "<errno.h>", "public"] },
    { symbol: ["EISDIR", "private", "<errno.h>", "public"] },
    { symbol: ["EMLINK", "private", "<errno.h>", "public"] },
    { symbol: ["EACCES", "private", "<errno.h>", "public"] },
    { symbol: ["ENAMETOOLONG", "private", "<errno.h>", "public"] },
    { symbol: ["fcntl", "private", "<fcntl.h>", "public"] },
    { symbol: ["flock", "private", "<fcntl.h>", "public"] },
    { symbol: ["creat", "private", "<fcntl.h>", "public"] },
    { symbol: ["open", "private", "<fcntl.h>", "public"] },
    { symbol: ["openat", "private", "<fcntl.h>", "public"] },
    { symbol: ["FD_CLOEXEC", "private", "<fcntl.h>", "public"] },
    { symbol: ["FNDELAY", "private", "<fcntl.h>", "public"] },
    { symbol: ["O_APPEND", "private", "<fcntl.h>", "public"] },
    { symbol: ["O_CLOEXEC", "private", "<fcntl.h>", "public"] },
    { symbol: ["O_NONBLOCK", "private", "<fcntl.h>", "public"] },
    { symbol: ["O_DIRECTORY", "private", "<fcntl.h>", "public"] },
    { symbol: ["O_EXCL", "private", "<fcntl.h>", "public"] },
    { symbol: ["O_CREAT", "private", "<fcntl.h>", "public"] },
    { symbol: ["O_TRUNC", "private", "<fcntl.h>", "public"] },
    { symbol: ["O_RDONLY", "private", "<fcntl.h>", "public"] },
    { symbol: ["O_WRONLY", "private", "<fcntl.h>", "public"] },
    { symbol: ["O_ACCMODE", "private", "<fcntl.h>", "public"] },
    { symbol: ["O_RDWR", "private", "<fcntl.h>", "public"] },
    { symbol: ["AT_EACCESS", "private", "<fcntl.h>", "public"] },
    { symbol: ["AT_FDCWD", "private", "<fcntl.h>", "public"] },
    { symbol: ["AT_SYMLINK_NOFOLLOW", "private", "<fcntl.h>", "public"] },
    { symbol: ["F_GETFL", "private", "<fcntl.h>", "public"] },
    { symbol: ["F_SETFL", "private", "<fcntl.h>", "public"] },
    { symbol: ["F_DUPFD", "private", "<fcntl.h>", "public"] },
    { symbol: ["F_GETFD", "private", "<fcntl.h>", "public"] },
    { symbol: ["F_SETFD", "private", "<fcntl.h>", "public"] },
    { symbol: ["F_DUPFD_CLOEXEC", "private", "<fcntl.h>", "public"] },
    { symbol: ["F_SETLK", "private", "<fcntl.h>", "public"] },
    { symbol: ["F_SETLKW", "private", "<fcntl.h>", "public"] },
    { symbol: ["F_UNLCK", "private", "<fcntl.h>", "public"] },
    { symbol: ["F_WRLCK", "private", "<fcntl.h>", "public"] },
    { symbol: ["ARG_MAX", "private", "<limits.h>", "public"] },
    { symbol: ["CHILD_MAX", "private", "<limits.h>", "public"] },
    { symbol: ["PATH_MAX", "private", "<limits.h>", "public"] },
    { symbol: ["PIPE_BUF", "private", "<limits.h>", "public"] },
    { symbol: ["MB_LEN_MAX", "private", "<limits.h>", "public"] },
    { symbol: ["LLONG_MIN", "private", "<limits.h>", "public"] },
    { symbol: ["LLONG_MAX", "private", "<limits.h>", "public"] },
    { symbol: ["ULLONG_MAX", "private", "<limits.h>", "public"] },
    { symbol: ["LONG_MIN", "private", "<limits.h>", "public"] },
    { symbol: ["ULONG_MIN", "private", "<limits.h>", "public"] },
    { symbol: ["UCHAR_MAX", "private", "<limits.h>", "public"] },
    { symbol: ["UINT_MAX", "private", "<limits.h>", "public"] },
    { symbol: ["CHAR_MAX", "private", "<limits.h>", "public"] },
    { symbol: ["CHAR_BIT", "private", "<limits.h>", "public"] },
    { symbol: ["INT_MAX", "private", "<limits.h>", "public"] },
    { symbol: ["INT_MIN", "private", "<limits.h>", "public"] },
    { symbol: ["SHRT_MAX", "private", "<limits.h>", "public"] },
    { symbol: ["SHRT_MIN", "private", "<limits.h>", "public"] },
    { symbol: ["CLK_TCK", "private", "<limits.h>", "public"] },
    { symbol: ["wchar_t", "private", "<wchar.h>", "public"] },
    { symbol: ["wctrans_t", "private", "<wchar.h>", "public"] },
    { symbol: ["lconv", "private", "<locale.h>", "public"] },
    { symbol: ["localeconv", "private", "<locale.h>", "public"] },
    { symbol: ["_POSIX_VDISABLE", "private", "<unistd.h>", "public"] },
    { symbol: ["clock_t", "private", "<sys/times.h>", "public"] },
    { symbol: ["TIOCSCTTY", "private", "<sys/ioctl.h>", "public"] },
    { symbol: ["TIOCGWINSZ", "private", "<sys/ioctl.h>", "public"] },
    { symbol: ["winsize", "private", "<sys/ioctl.h>", "public"] },
    { symbol: ["sched_yield", "private", "<sched.h>", "public"] },

    # These are because sfio.h defines these if stdio.h hasn't been included.
    { symbol: ["SEEK_SET", "private", "\"sfio.h\"", "public"] },
    { symbol: ["SEEK_CUR", "private", "\"sfio.h\"", "public"] },
    { symbol: ["SEEK_END", "private", "\"sfio.h\"", "public"] },
]
