----------------+020
----------------+020/---------------+040
----------------+020/---------------+040/---------------+060
----------------+020/---------------+040/---------------+060/---------------+080
----------------+020/---------------+040/---------------+060/---------------+080/---------------+100
----------------+020/---------------+040/---------------+060/---------------+080/---------------+100/---------------+120
----------------+020/---------------+040/---------------+060/---------------+080/---------------+100/---------------+120/---------------+140
----------------+020/---------------+040/---------------+060/---------------+080/---------------+100/---------------+120/---------------+140/--------+153
----------------+020/---------------+040/---------------+060/---------------+080/---------------+100/---------------+120/---------------+140/--------+153/--------------------------------------------------------------------------------------------------101
----------------+020/---------------+040/---------------+060/---------------+080/---------------+100/---------------+120/---------------+140/--------+153/-------------------------------------------------------------------------------------------------100
----------------+020/---------------+040/---------------+060/---------------+080/---------------+100/---------------+120/---------------+140/--------+153/------------------------------------------------------------------------------------------------099
----------------+020/---------------+040/---------------+060/---------------+080/---------------+100/---------------+120/---------------+140/---------+154
----------------+020/---------------+040/---------------+060/---------------+080/---------------+100/---------------+120/---------------+140/---------+154/--------------------------------------------------------------------------------------------------101
----------------+020/---------------+040/---------------+060/---------------+080/---------------+100/---------------+120/---------------+140/---------+154/-------------------------------------------------------------------------------------------------100
----------------+020/---------------+040/---------------+060/---------------+080/---------------+100/---------------+120/---------------+140/---------+154/------------------------------------------------------------------------------------------------099
----------------+020/---------------+040/---------------+060/---------------+080/---------------+100/---------------+120/---------------+140/----------+155
----------------+020/---------------+040/---------------+060/---------------+080/---------------+100/---------------+120/---------------+140/----------+155/--------------------------------------------------------------------------------------------------101
----------------+020/---------------+040/---------------+060/---------------+080/---------------+100/---------------+120/---------------+140/----------+155/-------------------------------------------------------------------------------------------------100
----------------+020/---------------+040/---------------+060/---------------+080/---------------+100/---------------+120/---------------+140/----------+155/------------------------------------------------------------------------------------------------099
----------------+020/---------------+040/---------------+060/---------------+080/---------------+100/---------------+120/---------------+140/-----------+156
----------------+020/---------------+040/---------------+060/---------------+080/---------------+100/---------------+120/---------------+140/-----------+156/--------------------------------------------------------------------------------------------------101
----------------+020/---------------+040/---------------+060/---------------+080/---------------+100/---------------+120/---------------+140/-----------+156/-------------------------------------------------------------------------------------------------100
----------------+020/---------------+040/---------------+060/---------------+080/---------------+100/---------------+120/---------------+140/-----------+156/------------------------------------------------------------------------------------------------099
----------------+020/---------------+040/---------------+060/---------------+080/---------------+100/---------------+120/---------------+140/---------------+160
----------------+020/---------------+040/---------------+060/---------------+080/---------------+100/---------------+120/---------------+140/---------------+160/---------------+180
----------------+020/---------------+040/---------------+060/---------------+080/---------------+100/---------------+120/---------------+140/---------------+160/---------------+180/---------------+200
----------------+020/---------------+040/---------------+060/---------------+080/---------------+100/---------------+120/---------------+140/---------------+160/---------------+180/---------------+200/---------------+220
----------------+020/---------------+040/---------------+060/---------------+080/---------------+100/---------------+120/---------------+140/---------------+160/---------------+180/---------------+200/---------------+220/---------------+240
----------------+020/---------------+040/---------------+060/---------------+080/---------------+100/---------------+120/---------------+140/---------------+160/---------------+180/---------------+200/---------------+220/---------------+240/---------------+260
----------------+020/---------------+040/---------------+060/---------------+080/---------------+100/---------------+120/---------------+140/---------------+160/---------------+180/---------------+200/---------------+220/---------------+240/---------------+260/-----------014
----------------+020/---------------+040/---------------+060/---------------+080/---------------+100/---------------+120/---------------+140/---------------+160/---------------+180/---------------+200/---------------+220/---------------+240/-----------014
----------------+020/---------------+040/---------------+060/---------------+080/---------------+100/---------------+120/---------------+140/---------------+160/---------------+180/---------------+200/---------------+220/-----------014
----------------+020/---------------+040/---------------+060/---------------+080/---------------+100/---------------+120/---------------+140/---------------+160/---------------+180/---------------+200/-----------014
----------------+020/---------------+040/---------------+060/---------------+080/---------------+100/---------------+120/---------------+140/---------------+160/---------------+180/-----------014
----------------+020/---------------+040/---------------+060/---------------+080/---------------+100/---------------+120/---------------+140/---------------+160/-----------014
----------------+020/---------------+040/---------------+060/---------------+080/---------------+100/---------------+120/---------------+140/-----------014
----------------+020/---------------+040/---------------+060/---------------+080/---------------+100/---------------+120/-----------014
----------------+020/---------------+040/---------------+060/---------------+080/---------------+100/-----------014
----------------+020/---------------+040/---------------+060/---------------+080/-----------014
----------------+020/---------------+040/---------------+060/-----------014
----------------+020/---------------+040/-----------014
----------------+020/-----------014
--------------------------------------------------------------------------------------+090
--------------------------------------------------------------------------------------+090/------------------------------------------------------------+155
--------------------------------------------------------------------------------------+090/------------------------------------------------------------+155/-------------------------------------040
--------------------------------------------------------------------------------------+090/-------------------------------------------------------------+156
--------------------------------------------------------------------------------------+090/-------------------------------------------------------------+156/-------------------------------------040
----------------------------------------------------------------------------------------------+-099
----------------------------------------------------------------------------------------------+-099/--------------------------------------------------------------------------------------------------101
----------------------------------------------------------------------------------------------+-099/-------------------------------------------------------------------------------------------------100
----------------------------------------------------------------------------------------------+-099/------------------------------------------------------------------------------------------------099
-----------------------------------------------------------------------------------------------+-100
-----------------------------------------------------------------------------------------------+-100/--------------------------------------------------------------------------------------------------101
-----------------------------------------------------------------------------------------------+-100/-------------------------------------------------------------------------------------------------100
-----------------------------------------------------------------------------------------------+-100/------------------------------------------------------------------------------------------------099
------------------------------------------------------------------------------------------------+-101
------------------------------------------------------------------------------------------------+-101/--------------------------------------------------------------------------------------------------101
------------------------------------------------------------------------------------------------+-101/-------------------------------------------------------------------------------------------------100
------------------------------------------------------------------------------------------------+-101/------------------------------------------------------------------------------------------------099
---------------------------------------------------------------------------------------------------------------------------------------------------------156
---------------------------------------------------------------------------------------------------------------------------------------------------------156/--------------------------------------------------------------------------------------------------101
---------------------------------------------------------------------------------------------------------------------------------------------------------156/-------------------------------------------------------------------------------------------------100
---------------------------------------------------------------------------------------------------------------------------------------------------------156/------------------------------------------------------------------------------------------------099
--------------------------------------------------------------------------------------------------------------------------------------------------------155
--------------------------------------------------------------------------------------------------------------------------------------------------------155/--------------------------------------------------------------------------------------------------101
--------------------------------------------------------------------------------------------------------------------------------------------------------155/-------------------------------------------------------------------------------------------------100
--------------------------------------------------------------------------------------------------------------------------------------------------------155/------------------------------------------------------------------------------------------------099
-------------------------------------------------------------------------------------------------------------------------------------------------------154
-------------------------------------------------------------------------------------------------------------------------------------------------------154/--------------------------------------------------------------------------------------------------101
-------------------------------------------------------------------------------------------------------------------------------------------------------154/-------------------------------------------------------------------------------------------------100
-------------------------------------------------------------------------------------------------------------------------------------------------------154/------------------------------------------------------------------------------------------------099
--------------------------------------------------------------------------------------------------101
-------------------------------------------------------------------------------------------------100
------------------------------------------------------------------------------------------------099
-004
-004/----------------------------------------------------------------------------------------------------------------------------------------------------151
-004/----------------------------------------------------------------------------------------------------------------------------------------------------151/-004
